// Jest Snapshot v1, https://goo.gl/fbAQLP

exports[`computations and formattings formatReserves should return plausible results 1`] = `
Object {
  "aToken": Object {
    "id": "0x4da9b813057d04baef4e5800e36083717b4a0341",
  },
  "availableLiquidity": "5824853.945378076424288347",
  "averageStableBorrowRate": "0",
  "avg30DaysLiquidityRate": undefined,
  "avg30DaysVariableBorrowRate": undefined,
  "baseLTVasCollateral": "0.75",
  "baseVariableBorrowRate": "10000000000000000000000000",
  "borrowingEnabled": true,
  "decimals": 18,
  "id": "0x0000000000085d4780b73119b644ae5ecd22b3760x24a42fd28c976a61df5d00d0599c34c4f90748c8",
  "isActive": true,
  "isFreezed": false,
  "lastUpdateTimestamp": 1610384006,
  "liquidityIndex": "1.02801868235517224465",
  "liquidityRate": "0.64857339998194372743",
  "name": "TrueUSD",
  "optimalUtilisationRate": "800000000000000000000000000",
  "price": Object {
    "priceInEth": "0.001069659625790585",
  },
  "reserveLiquidationBonus": "0.05",
  "reserveLiquidationThreshold": "0.8",
  "stableBorrowRate": "0.44634036275319949405",
  "stableBorrowRateEnabled": false,
  "stableRateSlope1": "140000000000000000000000000",
  "stableRateSlope2": "600000000000000000000000000",
  "symbol": "TUSD",
  "totalBorrows": "47344321.261287322317434359",
  "totalBorrowsStable": "281.483116992398538448",
  "totalBorrowsVariable": "47344039.778170329918895911",
  "totalLiquidity": "53169175.206665398741722706",
  "underlyingAsset": "0x0000000000085d4780b73119b644ae5ecd22b376",
  "usageAsCollateralEnabled": true,
  "utilizationRate": "0.89044678",
  "variableBorrowIndex": "1.04307694642541877422",
  "variableBorrowRate": "0.72835090688299873512",
  "variableRateSlope1": "40000000000000000000000000",
  "variableRateSlope2": "1500000000000000000000000000",
}
`;
